[09:53:23] ====================================================
[09:53:23] 循环按键脚本已就绪
[09:53:23] F12 = 开始 / 停止      F8 = 暂停 / 继续      F9 = 退出
[09:53:23] 提示：按键发送给前台窗口，开始前请把游戏窗口切到前台
[09:53:23] ====================================================
[09:53:42] ====================================================
[09:53:42] 循环按键脚本已就绪
[09:53:42] F12 = 开始 / 停止      F8 = 暂停 / 继续      F9 = 退出
[09:53:42] 提示：按键发送给前台窗口，开始前请把游戏窗口切到前台
[09:53:42] ====================================================
[09:54:38] ====================================================
[09:54:38] 循环按键脚本已就绪
[09:54:38] F12 = 开始 / 停止      F8 = 暂停 / 继续      F9 = 退出
[09:54:38] 提示：按键发送给前台窗口，开始前请把游戏窗口切到前台
[09:54:38] ====================================================
[09:56:30] ===== 开始运行：阶段 120 秒交替，每 280 秒按一遍 1 2 3 4 =====
[09:56:33] 脚本开始，先按一遍：1 2 3 4
[09:56:34] ======== 第 1 轮循环 ========
[09:56:34] 阶段【右】开始：Ctrl×3 → 右方向+空格，持续 120 秒
[09:56:45] ====================================================
[09:56:45] 循环按键脚本已就绪
[09:56:45] F12 = 开始 / 停止      F8 = 暂停 / 继续      F9 = 退出
[09:56:45] 提示：按键发送给前台窗口，开始前请把游戏窗口切到前台
[09:56:45] ====================================================
[09:57:44] ===== 开始运行：阶段 120 秒交替，每 280 秒按一遍 1 2 3 4 =====
[09:57:44] ===== 已停止，所有按键已释放 =====
[09:57:47] ===== 已停止，所有按键已释放 =====
[09:57:53] ====================================================
[09:57:53] 循环按键脚本已就绪
[09:57:53] F12 = 开始 / 停止      F8 = 暂停 / 继续      F9 = 退出
[09:57:53] 提示：按键发送给前台窗口，开始前请把游戏窗口切到前台
[09:57:53] ====================================================
[09:58:36] ====================================================
[09:58:36] 循环按键脚本已就绪
[09:58:36] F12 = 开始 / 停止      F8 = 暂停 / 继续      F9 = 退出
[09:58:36] 提示：按键发送给前台窗口，开始前请把游戏窗口切到前台
[09:58:36] ====================================================
[09:58:53] ====================================================
[09:58:53] 循环按键脚本已就绪
[09:58:53] F12 = 开始 / 停止      F8 = 暂停 / 继续      F9 = 退出
[09:58:53] 提示：按键发送给前台窗口，开始前请把游戏窗口切到前台
[09:58:53] ====================================================
[09:59:07] ====================================================
[09:59:07] 循环按键脚本已就绪
[09:59:07] F12 = 开始 / 停止      F8 = 暂停 / 继续      F9 = 退出
[09:59:07] 提示：按键发送给前台窗口，开始前请把游戏窗口切到前台
[09:59:07] ====================================================
[09:59:18] ====================================================
[09:59:18] 循环按键脚本已就绪
[09:59:19] F12 = 开始 / 停止      F8 = 暂停 / 继续      F9 = 退出
[09:59:19] 提示：按键发送给前台窗口，开始前请把游戏窗口切到前台
[09:59:19] ====================================================
[10:00:57] ====================================================
[10:00:57] 循环按键脚本已就绪
[10:00:57] F12 = 开始 / 停止      F8 = 暂停 / 继续      F9 = 退出
[10:00:57] 提示：按键发送给前台窗口，开始前请把游戏窗口切到前台
[10:00:57] ====================================================
[10:00:57] ====================================================
[10:00:57] 循环按键脚本已就绪
[10:00:57] F12 = 开始 / 停止      F8 = 暂停 / 继续      F9 = 退出
[10:00:57] 提示：按键发送给前台窗口，开始前请把游戏窗口切到前台
[10:00:57] ====================================================
[10:01:02] ====================================================
[10:01:02] 循环按键脚本已就绪
[10:01:02] F12 = 开始 / 停止      F8 = 暂停 / 继续      F9 = 退出
[10:01:02] 提示：按键发送给前台窗口，开始前请把游戏窗口切到前台
[10:01:02] ====================================================
[10:01:19] ===== 开始运行：阶段 120 秒交替，每 280 秒按一遍 1 2 3 4 =====
[10:01:22] 脚本开始，先按一遍：1 2 3 4
[10:01:23] ======== 第 1 轮循环 ========
[10:01:23] 阶段【右】开始：Ctrl×3 → 右方向+空格，持续 120 秒
[10:01:24] ===== 已停止，所有按键已释放 =====
[10:01:32] ===== 开始运行：阶段 120 秒交替，每 280 秒按一遍 1 2 3 4 =====
[10:01:35] 脚本开始，先按一遍：1 2 3 4
[10:01:36] ======== 第 1 轮循环 ========
[10:01:36] 阶段【右】开始：Ctrl×3 → 右方向+空格，持续 120 秒
[10:01:37] ===== 已停止，所有按键已释放 =====
[10:04:26] ====================================================
[10:04:26] 循环按键脚本已就绪
[10:04:26] F12 = 开始 / 停止      F8 = 暂停 / 继续      F9 = 退出
[10:04:26] 提示：按键发送给前台窗口，开始前请把游戏窗口切到前台
[10:04:26] ====================================================
[10:04:30] ===== 开始运行：阶段 120 秒交替，每 280 秒按一遍 1 2 3 4 =====
[10:04:33] 脚本开始，先按一遍：1 2 3 4
[10:04:34] ======== 第 1 轮循环 ========
[10:04:34] 阶段【右】开始：Ctrl×3 → 右方向+空格，持续 120 秒
[10:04:43] ====================================================
[10:04:43] 循环按键脚本已就绪
[10:04:43] F12 = 开始 / 停止      F8 = 暂停 / 继续      F9 = 退出
[10:04:43] 提示：按键发送给前台窗口，开始前请把游戏窗口切到前台
[10:04:43] ====================================================
[10:04:47] ===== 开始运行：阶段 120 秒交替，每 280 秒按一遍 1 2 3 4 =====
[10:04:50] 脚本开始，先按一遍：1 2 3 4
[10:04:51] ======== 第 1 轮循环 ========
[10:04:51] 阶段【右】开始：Ctrl×3 → 右方向+空格，持续 120 秒
[10:04:52] ===== 已停止，所有按键已释放 =====
[10:06:35] ====================================================
[10:06:35] 循环按键脚本已就绪
[10:06:35] F12 = 开始 / 停止      F8 = 暂停 / 继续      F9 = 退出
[10:06:35] 提示：按键发送给前台窗口，开始前请把游戏窗口切到前台
[10:06:35] ====================================================
[10:06:46] ====================================================
[10:06:46] 循环按键脚本已就绪
[10:06:46] F12 = 开始 / 停止      F8 = 暂停 / 继续      F9 = 退出
[10:06:46] 提示：按键发送给前台窗口，开始前请把游戏窗口切到前台
[10:06:46] ====================================================
[10:06:50] 热键 F12 按下
[10:06:50] ===== 开始运行（F12）=====
[10:06:50] 阶段 120 秒交替，每 280 秒按一遍 1 2 3 4
[10:06:50] 开场缓冲 3 秒，之后先按一遍 1 2 3 4，再进入阶段【右】
[10:06:50] 热键 F12 重复按下（间隔 0.19 秒），已忽略
[10:06:53] 开场缓冲结束，先按一遍：1 2 3 4
[10:06:54] ======== 第 1 轮循环 ========
[10:06:54] 阶段【右】开始：Ctrl×3 → 右方向+空格，持续 120 秒
[10:07:09] ====================================================
[10:07:09] 循环按键脚本已就绪
[10:07:09] F12 = 开始 / 停止      F8 = 暂停 / 继续      F9 = 退出
[10:07:09] 提示：按键发送给前台窗口，开始前请把游戏窗口切到前台
[10:07:09] ====================================================
[10:07:12] 未捕获异常：
已有实例在运行，已把它的窗口切到前台；本实例退出。
[10:07:51] ====================================================
[10:07:51] 循环按键脚本已就绪
[10:07:51] F12 = 开始 / 停止      F8 = 暂停 / 继续      F9 = 退出
[10:07:51] 提示：按键发送给前台窗口，开始前请把游戏窗口切到前台
[10:07:51] ====================================================
[10:07:55] 热键 F12 按下
[10:07:55] ===== 开始运行（F12）=====
[10:07:55] 阶段 120 秒交替，每 280 秒按一遍 1 2 3 4
[10:07:55] 开场缓冲 3 秒，之后先按一遍 1 2 3 4，再进入阶段【右】
[10:07:58] 开场缓冲结束，先按一遍：1 2 3 4
[10:07:59] ======== 第 1 轮循环 ========
[10:07:59] 阶段【右】开始：Ctrl×3 → 右方向+空格，持续 120 秒
[10:08:00] 热键 F8 按下
[10:08:01] 已暂停（F8），计时冻结
[10:08:03] 热键 F8 按下
[10:08:03] 继续运行（F8）
[10:08:04] 热键 F12 按下
[10:08:04] ===== 已停止（F12）：本次运行 7 秒 =====
[10:08:07] ====================================================
[10:08:07] 循环按键脚本已就绪
[10:08:07] F12 = 开始 / 停止      F8 = 暂停 / 继续      F9 = 退出
[10:08:07] 提示：按键发送给前台窗口，开始前请把游戏窗口切到前台
[10:08:07] ====================================================
[10:08:11] 热键 F12 按下
[10:08:11] ===== 开始运行（F12）=====
[10:08:11] 阶段 120 秒交替，每 280 秒按一遍 1 2 3 4
[10:08:11] 开场缓冲 3 秒，之后先按一遍 1 2 3 4，再进入阶段【右】
[10:08:13] 热键 F9 按下
[10:08:13] ===== 已停止（F9）：本次运行 2 秒 =====
[10:08:21] ====================================================
[10:08:21] 循环按键脚本已就绪
[10:08:21] F12 = 开始 / 停止      F8 = 暂停 / 继续      F9 = 退出
[10:08:21] 提示：按键发送给前台窗口，开始前请把游戏窗口切到前台
[10:08:21] ====================================================
[10:08:24] 已有实例在运行，已把它的窗口切到前台；本实例退出。
[10:08:38] ====================================================
[10:08:38] 循环按键脚本已就绪
[10:08:38] F12 = 开始 / 停止      F8 = 暂停 / 继续      F9 = 退出
[10:08:38] 提示：按键发送给前台窗口，开始前请把游戏窗口切到前台
[10:08:38] ====================================================
[10:08:55] ====================================================
[10:08:55] 循环按键脚本已就绪
[10:08:55] F12 = 开始 / 停止      F8 = 暂停 / 继续      F9 = 退出
[10:08:55] 提示：按键发送给前台窗口，开始前请把游戏窗口切到前台
[10:08:55] ====================================================
[10:08:59] 热键 F12 按下
[10:08:59] ===== 开始运行（F12）=====
[10:08:59] 阶段 120 秒交替，每 280 秒按一遍 1 2 3 4
[10:08:59] 开场缓冲 3 秒，之后先按一遍 1 2 3 4，再进入阶段【右】
[10:09:02] 开场缓冲结束，先按一遍：1 2 3 4
[10:09:02] ======== 第 1 轮循环 ========
[10:09:02] 阶段【右】开始：Ctrl×3 → 右方向+空格，持续 120 秒
[10:09:12] ====================================================
[10:09:12] 循环按键脚本已就绪
[10:09:12] F12 = 开始 / 停止      F8 = 暂停 / 继续      F9 = 退出
[10:09:12] 提示：按键发送给前台窗口，开始前请把游戏窗口切到前台
[10:09:12] ====================================================
[10:09:16] 热键 F12 按下
[10:09:16] ===== 开始运行（F12）=====
[10:09:16] 阶段 120 秒交替，每 280 秒按一遍 1 2 3 4
[10:09:16] 开场缓冲 3 秒，之后先按一遍 1 2 3 4，再进入阶段【右】
[10:09:19] 开场缓冲结束，先按一遍：1 2 3 4
[10:09:20] ======== 第 1 轮循环 ========
[10:09:20] 阶段【右】开始：Ctrl×3 → 右方向+空格，持续 120 秒
[10:09:34] ====================================================
[10:09:34] 循环按键脚本已就绪
[10:09:34] F12 = 开始 / 停止      F8 = 暂停 / 继续      F9 = 退出
[10:09:34] 提示：按键发送给前台窗口，开始前请把游戏窗口切到前台
[10:09:34] ====================================================
[10:09:38] 热键 F12 按下
[10:09:38] ===== 开始运行（F12）=====
[10:09:38] 阶段 120 秒交替，每 280 秒按一遍 1 2 3 4
[10:09:38] 开场缓冲 3 秒，之后先按一遍 1 2 3 4，再进入阶段【右】
[10:09:41] 开场缓冲结束，先按一遍：1 2 3 4
[10:09:42] ======== 第 1 轮循环 ========
[10:09:42] 阶段【右】开始：Ctrl×3 → 右方向+空格，持续 120 秒
[10:11:47] ====================================================
[10:11:47] 循环按键脚本已就绪
[10:11:47] F12 = 开始 / 停止      F8 = 暂停 / 继续      F9 = 退出
[10:11:47] 提示：按键发送给前台窗口，开始前请把游戏窗口切到前台
[10:11:47] ====================================================
[10:11:52] ===== 开始运行（按钮）=====
[10:11:52] 阶段 120 秒交替，每 280 秒按一遍 1 2 3 4
[10:11:52] 开场缓冲 3 秒，之后先按一遍 1 2 3 4，再进入阶段【右】
[10:11:55] 开场缓冲结束，先按一遍：1 2 3 4
[10:11:56] ======== 第 1 轮循环 ========
[10:11:56] 阶段【右】开始：Ctrl×3 → 右方向+空格，持续 120 秒
[10:12:37] ===== 已停止（按钮）：本次运行 45 秒 =====
[10:14:36] ====================================================
[10:14:36] 循环按键脚本已就绪
[10:14:36] F12 = 开始 / 停止      F8 = 暂停 / 继续      F9 = 退出
[10:14:36] 提示：按键发送给前台窗口，开始前请把游戏窗口切到前台
[10:14:36] ====================================================
[10:14:40] 热键 F12 按下
[10:14:40] ===== 开始运行（F12）=====
[10:14:40] 阶段 120 秒交替，每 280 秒按一遍 1 2 3 4
[10:14:40] 开场缓冲 3 秒，之后先按一遍 1 2 3 4，再进入阶段【右】
[10:14:43] 开场缓冲结束，先按一遍：1 2 3 4
[10:14:44] ======== 第 1 轮循环 ========
[10:14:44] 阶段【右】开始：Ctrl×3 → 右方向+空格，持续 120 秒
[10:17:08] ====================================================
[10:17:08] 循环按键脚本已就绪
[10:17:08] F12 = 开始 / 停止      F8 = 暂停 / 继续      F9 = 退出
[10:17:08] 提示：按键发送给前台窗口，开始前请把游戏窗口切到前台
[10:17:08] ====================================================
[10:17:12] 热键 F12 按下
[10:17:12] ===== 开始运行（F12）=====
[10:17:12] 阶段 120 秒交替，每 280 秒按一遍 1 2 3 4
[10:17:12] 开场缓冲 3 秒，之后先按一遍 1 2 3 4，再进入阶段【右】
[10:17:15] 开场缓冲结束，先按一遍：1 2 3 4
[10:17:16] ======== 第 1 轮循环 ========
[10:17:16] 阶段【右】开始：Ctrl×3（按住 0.1 / 间隔 0.5 秒） → 右方向+空格，持续 120 秒
[10:17:18] 第 1 轮：Ctrl×3（按住 0.1 / 间隔 0.5 秒） → 右方向+空格
[10:26:29] ====================================================
[10:26:29] 循环按键脚本已就绪
[10:26:29] F12 = 开始 / 停止      F8 = 暂停 / 继续      F9 = 退出
[10:26:29] 提示：按键发送给前台窗口，开始前请把游戏窗口切到前台
[10:26:29] ====================================================
[10:26:34] ===== 开始运行（按钮）=====
[10:26:34] 阶段 120 秒交替，每 280 秒按一遍 1 2 3 4
[10:26:34] 开场缓冲 3 秒，之后先按一遍 1 2 3 4，再进入阶段【右】
[10:26:37] 开场缓冲结束，先按一遍：1 2 3 4
[10:26:38] ======== 第 1 轮循环 ========
[10:26:38] 阶段【右】开始：Ctrl×3（按住 0.1 / 间隔 0.5 秒） → 右方向+空格，持续 120 秒
[10:26:40] 第 1 轮：Ctrl×3（按住 0.1 / 间隔 0.5 秒） → 右方向+空格
[10:26:46] 第 4 轮：Ctrl×3（按住 0.1 / 间隔 0.5 秒） → 右方向+空格
[10:26:47] ===== 已停止（按钮）：本次运行 13 秒 =====
