[2026-07-22 15:27:03] Tkinter 事件异常:
Traceback (most recent call last):
  File "C:\Users\Administrator\.workbuddy\binaries\python\versions\3.13.12\Lib\tkinter\__init__.py", line 2079, in __call__
    return self.func(*args)
           ~~~~~~~~~^^^^^^^
  File "D:\Program Files (x86)\Tencent\WorkBuddy\python-test\脚本开发工具\地图标记工具\map_marker_app.py", line 138, in <lambda>
    command=lambda: open_patrol_route_editor(self))
                    ~~~~~~~~~~~~~~~~~~~~~~~~^^^^^^
  File "D:\Program Files (x86)\Tencent\WorkBuddy\python-test\脚本开发工具\地图标记工具\patrol_route_editor.py", line 83, in open_patrol_route_editor
    def _draw_map() -> ImageTk.PhotoImage:
                       ^^^^^^^
NameError: name 'ImageTk' is not defined

[2026-07-22 15:27:09] Tkinter 事件异常:
Traceback (most recent call last):
  File "C:\Users\Administrator\.workbuddy\binaries\python\versions\3.13.12\Lib\tkinter\__init__.py", line 2079, in __call__
    return self.func(*args)
           ~~~~~~~~~^^^^^^^
  File "D:\Program Files (x86)\Tencent\WorkBuddy\python-test\脚本开发工具\地图标记工具\map_marker_app.py", line 138, in <lambda>
    command=lambda: open_patrol_route_editor(self))
                    ~~~~~~~~~~~~~~~~~~~~~~~~^^^^^^
  File "D:\Program Files (x86)\Tencent\WorkBuddy\python-test\脚本开发工具\地图标记工具\patrol_route_editor.py", line 83, in open_patrol_route_editor
    def _draw_map() -> ImageTk.PhotoImage:
                       ^^^^^^^
NameError: name 'ImageTk' is not defined

